Renesas Optimizing Linker (W2.07.00 )             02-Feb-2018 16:47:35

*** Options ***

-subcommand=DefaultBuild\F1L_StarterKit_Project.clnk
-input=DefaultBuild\main.obj
-input=DefaultBuild\r_tasks.obj
-input=DefaultBuild\r_can.obj
-input=DefaultBuild\r_display.obj
-input=DefaultBuild\r_led.obj
-input=DefaultBuild\r_lin.obj
-input=DefaultBuild\r_system.obj
-input=DefaultBuild\r_uart.obj
-input=DefaultBuild\r_ui.obj
-input=DefaultBuild\r_adc.obj
-input=DefaultBuild\r_clkc.obj
-input=DefaultBuild\r_csi.obj
-input=DefaultBuild\r_enc.obj
-input=DefaultBuild\r_intc.obj
-input=DefaultBuild\r_lps.obj
-input=DefaultBuild\r_ostm.obj
-input=DefaultBuild\r_port.obj
-input=DefaultBuild\r_pwmd.obj
-input=DefaultBuild\r_rlin.obj
-input=DefaultBuild\r_can_table.obj
-input=DefaultBuild\r_rscan.obj
-input=DefaultBuild\r_stbc.obj
-input=DefaultBuild\r_tau.obj
-input=DefaultBuild\boot.obj
-input=DefaultBuild\cstart.obj
-debug
-nocompress
-output=DefaultBuild\F1L_StarterKit_Project.abs
-library=v850e3v5\rhs8n.lib
-library=v850e3v5\libmalloc.lib
-list=DefaultBuild\F1L_StarterKit_Project.map
-start=RESET,EIINTTBL/0,.const,.INIT_DSEC.const,.INIT_BSEC.const,.text,.data,RETENTION_RAM.data/00008000,.data.R,.bss,.stack.bss/FEDE0000,RETENTION_RAM.data.R,RETENTION_RAM.bss/FEE00000
-rom=.data=.data.R,RETENTION_RAM.data=RETENTION_RAM.data.R
-memory=high
-nologo
-end

*** Error information ***

*** Mapping List ***

SECTION                            START      END         SIZE   ALIGN
RESET
                                  00000000  000001f7       1f8   200
EIINTTBL
                                  00000200  00000327       128   200
.const
                                  00008000  00008b9b       b9c   4
.INIT_DSEC.const
                                  00008b9c  00008ba7         c   4
.INIT_BSEC.const
                                  00008ba8  00008baf         8   4
.text
                                  00008bb0  0000da4d      4e9e   2
.data
                                  0000da50  00013a8b      603c   4
RETENTION_RAM.data
                                  00013a8c  00013a8c         0   4
.data.R
                                  fede0000  fede603b      603c   4
.bss
                                  fede603c  fede60b7        7c   4
.stack.bss
                                  fede60b8  fede62b7       200   4
RETENTION_RAM.data.R
                                  fee00000  fee00000         0   4
RETENTION_RAM.bss
                                  fee00000  fee0002f        30   4
