Renesas Optimizing Linker (W2.07.00 )             31-Jan-2018 14:28:23

*** Options ***

-subcommand=DefaultBuild\Test_Proj.clnk
-input=DefaultBuild\boot.obj
-input=DefaultBuild\cstart.obj
-input=DefaultBuild\main.obj
-input=DefaultBuild\system.obj
-input=DefaultBuild\system_clock.obj
-input=DefaultBuild\port.obj
-input=DefaultBuild\taud.obj
-input=DefaultBuild\r_intc.obj
-input=DefaultBuild\r_ostm.obj
-input=DefaultBuild\r_rlin.obj
-input=DefaultBuild\uart.obj
-debug
-nocompress
-output=DefaultBuild\Test_Proj.abs
-library=v850e3v5\rhs8n.lib
-library=v850e3v5\libmalloc.lib
-list=DefaultBuild\Test_Proj.map
-start=RESET,EIINTTBL/0,.const,.INIT_DSEC.const,.INIT_BSEC.const,.text,.data/00008000,.data.R,.bss,.stack.bss/FEDFC000
-rom=.data=.data.R
-memory=high
-nologo
-end

*** Error information ***

*** Mapping List ***

SECTION                            START      END         SIZE   ALIGN
RESET
                                  00000000  000001f7       1f8   200
EIINTTBL
                                  00000200  00000327       128   200
.const
                                  00008000  0000826f       270   4
.INIT_DSEC.const
                                  00008270  0000827b         c   4
.INIT_BSEC.const
                                  0000827c  00008283         8   4
.text
                                  00008284  00009151       ece   2
.data
                                  00009154  0000918f        3c   4
.data.R
                                  fedfc000  fedfc03b        3c   4
.bss
                                  fedfc03c  fedfc03f         4   4
.stack.bss
                                  fedfc040  fedfc23f       200   4
