                                                                      Page 1
                                                              C:\Users\NIKHIL~1.PAT\AppData\Local\Temp\gh_000afg41.s
Command Line: C:\ghs\comp_201517\ease850.exe -w -elf -b0 -I..\..\device -IC:\Users\nikhil.patil\Documents\renesas\RH850_F1L_sample\source\test5 -IC:\Users\nikhil.patil\Documents\renesas\RH850_F1L_sample\source\subprojtest -IC:\ghs\comp_201517\lib\rh850 -cg_underscore -cpu=rh850g3k -nofpu -no_v850_simd -rh850_fpsimd=none -nomacro -patch_dbo=C:\Users\nikhil.patil\Documents\renesas\RH850_F1L_sample\toolchain\GHS\output\obj\test5.dbo -source=test5.c -o output\obj\gh_000afg41.o -list=output\list\test5.lst C:\Users\NIKHIL~1.PAT\AppData\Local\Temp\gh_000afg41.s 
Original File: C:\Users\NIKHIL~1.PAT\AppData\Local\Temp\gh_000afg41.s
Source File: test5.c
Directory: C:\Users\nikhil.patil\Documents\renesas\RH850_F1L_sample\toolchain\GHS
Host OS: Windows 7 Service Pack 1
EASE: Copyright (C) 1983-2015 Green Hills Software.  All Rights Reserved.
Release: Compiler v2015.1.7
Build Directory: [Directory] BTOWORKER6:c:/build_2015_1_bto/2015-10-21.2100-2015_1_bto/win32-comp-ecom
Revision: [VCInfo] http://toolsvc/branches/release-branch-70-bto/src@544153 (built by build)
Revision Date: Thu Oct 22 01:50:13 2015

Release Date: Thu Oct 22 03:32:32 2015

                           1 --Driver Command: ccv850 -c -MD -I..\..\device
                           2 --		-IC:\Users\nikhil.patil\Documents\renesas\RH850_F1L_sample\source\test5
                           3 --		-IC:\Users\nikhil.patil\Documents\renesas\RH850_F1L_sample\source\subprojtest
                           4 --		-G -object_dir=output\obj -list -list_dir=output/list -passsource
                           5 --		-bsp generic -fsoft -cpu=rh850g3k -D__GHS__ -dwarf2 -large_sda
                           6 --		-sda -filetype.c ..\..\source\test5\test5.c -o output\obj\test5.o
                           7 --Source File:   ..\..\source\test5\test5.c
                           8 --Directory:     
                           9 --		C:\Users\nikhil.patil\Documents\renesas\RH850_F1L_sample\toolchain\GHS
                          10 --Compile Date:  Thu Jan 18 08:13:43 2018
                          11 --Host OS:       Win32
                          12 --Version:       C-RH850 2015.1.7 RELEASE VERSION
                          13 --Release:       Compiler v2015.1.7
                          14 --Revision Date: Thu Oct 22 02:06:12 2015
                          15 --Release Date:  Thu Oct 22 03:34:32 2015
                          16 -- ecom  -g -w
                          17 
                          18 	.data
                          19 	.ghsnote version,17
                          20 	.ghsnote tools,3
                          21 	.ghsnote options,144
                          22 	.text
                          23 ..bof.C.3A.5CUsers.5Cnikhil.2Epatil.5CDocuments.5Crenesas.5CRH850_F1L_sample.5Ctoolchain.5CGHS.5Coutput.5Cobj.5Ctest5...43.3A.5CUsers.5Cnikhil.2Epatil.5CDocuments.5Crenesas.5CRH850_F1L_sample.5Ctoolchain.5CGHS..5A609D87..0::
                          24 ..eof.C.3A.5CUsers.5Cnikhil.2Epatil.5CDocuments.5Crenesas.5CRH850_F1L_sample.5Ctoolchain.5CGHS.5Coutput.5Cobj.5Ctest5...43.3A.5CUsers.5Cnikhil.2Epatil.5CDocuments.5Crenesas.5CRH850_F1L_sample.5Ctoolchain.5CGHS..5A609D87..0::
                          25 	.section	.debug_info
                          26 .Ldw_begin:
00000000 94000000         27 	.word	.Ldw_end-.Ldw_begin-4
00000004 0200             28 	.byte	2,0
00000006 00000000*        29 	.word	.Ldw_abbr_begin
0000000a 04               30 	.byte	4
                          31 	.section	.debug_abbrev
                          32 .Ldw_abbr_begin:
                          33 	.section	.debug_info
0000000b 01               34 	.byte	1
0000000c 00000000*        35 	.word	..bof.C.3A.5CUsers.5Cnikhil.2Epatil.5CDocuments.5Crenesas.5CRH850_F1L_sample.5Ctoolchain.5CGHS.5Coutput.5Cobj.5Ctest5...43.3A.5CUsers.5Cnikhil.2Epatil.5CDocuments.5Crenesas.5CRH850_F1L_sample.5Ctoolchain.5CGHS..5A609D87..0
00000010 00000000*        36 	.word	..eof.C.3A.5CUsers.5Cnikhil.2Epatil.5CDocuments.5Crenesas.5CRH850_F1L_sample.5Ctoolchain.5CGHS.5Coutput.5Cobj.5Ctest5...43.3A.5CUsers.5Cnikhil.2Epatil.5CDocuments.5Crenesas.5CRH850_F1L_sample.5Ctoolchain.5CGHS..5A609D87..0
00000014 2e2e5c2e2e5c     37 	.strz	"..\\..\\source\\test5\\test5.c"
0000001a 736f75726365 
00000020 5c7465737435 
00000026 5c7465737435 
0000002c 2e6300 
0000002f 433a5c557365     38 	.strz	"C:\\Users\\nikhil.patil\\Documents\\renesas\\RH850_F1L_sample\\toolchain\\GHS"
00000035 72735c6e696b 
0000003b 68696c2e7061 
00000041 74696c5c446f 
00000047 63756d656e74 
0000004d 735c72656e65 
00000053 7361735c5248 
00000059 3835305f4631 
0000005f 4c5f73616d70 

                                                                      Page 2
                                                              C:\Users\NIKHIL~1.PAT\AppData\Local\Temp\gh_000afg41.s
00000065 6c655c746f6f 
0000006b 6c636861696e 
00000071 5c47485300 
00000076 474853204320     39 	.strz	"GHS C 2015.1.7 [dual]"
0000007c 323031352e31 
00000082 2e37205b6475 
00000088 616c5d00 
0000008c 0100             40 	.byte	1,0
0000008e 00000000*        41 	.word	.Ldw_line_begin
00000092 00000000*        42 	.word	.Ldw_macinfo_begin
00000096 00               43 	.byte	0
                          44 
                          45 	.section	.debug_abbrev
00000000 01               46 	.byte	1
00000001 11               47 	.byte	17
00000002 01               48 	.byte	1
00000003 1101             49 	.byte	17,1
00000005 1201             50 	.byte	18,1
00000007 0308             51 	.byte	3,8
00000009 1b08             52 	.byte	27,8
0000000b 2508             53 	.byte	37,8
0000000d 1305             54 	.byte	19,5
0000000f 1006             55 	.byte	16,6
00000011 4306             56 	.byte	67,6
00000013 420b             57 	.byte	66,11
00000015 0000             58 	.byte	0,0
                          59 
                          60 	.section	.debug_line
                          61 .Ldw_line_begin:
00000000 52000000         62 	.word	.Ldw_line_end-.Ldw_line_begin-4
00000004 0200             63 	.byte	2,0
00000006 00000000*        64 	.word	.Ldw_lpro_end-.Ldw_lpro_begin
                          65 .Ldw_lpro_begin:
0000000a 01               66 	.byte	1
0000000b 00               67 	.byte	0
0000000c 00               68 	.byte	0
0000000d 04               69 	.byte	4
0000000e 0a               70 	.byte	10
0000000f 000101           71 	.byte	0,1,1
00000012 010100           72 	.byte	1,1,0
00000015 000001           73 	.byte	0,0,1
00000018 00               74 	.byte	0
00000019 2e2e5c2e2e5c     75 	.strz	"..\\..\\source\\test5\\test5.c"
0000001f 736f75726365 
00000025 5c7465737435 
0000002b 5c7465737435 
00000031 2e6300 
00000034 000000           76 	.byte	0,0,0
00000037 2e2e5c2e2e5c     77 	.strz	"..\\..\\source\\test5\\test5.h"
0000003d 736f75726365 
00000043 5c7465737435 
00000049 5c7465737435 
0000004f 2e6800 
00000052 000000           78 	.byte	0,0,0
00000055 00               79 	.byte	0
                          80 .Ldw_lpro_end:
                          81 	.section	.debug_macinfo
                          82 .Ldw_macinfo_begin:
                          83 	.section	.debug_info
00000097 00               84 	.byte	0
                          85 

                                                                      Page 3
                                                              C:\Users\NIKHIL~1.PAT\AppData\Local\Temp\gh_000afg41.s
                          86 	.section	.debug_line
                          87 .Ldw_line_end:
                          88 	.section	.debug_macinfo
00000000 03               89 	.byte	3
00000001 00               90 	.byte	0
00000002 01               91 	.byte	1
00000003 03               92 	.byte	3
00000004 01               93 	.byte	1
00000005 02               94 	.byte	2
00000006 04               95 	.byte	4
00000007 04               96 	.byte	4
00000008 00               97 	.byte	0
                          98 	.section	.debug_abbrev
00000017 00               99 	.byte	0
                         100 	.section	.debug_info
                         101 .Ldw_end:
                         102 .rh850_flags REGMODE32,DATA_ALIGN8,GP_FIX,EP_NONFIX,TP_FIX,REG2_NONRESERVE,G3K,SDA_EXTRA_REGS_0
